[    0.000000] Initializing cgroup subsys cpuset
[    0.000000] Initializing cgroup subsys cpu
[    0.000000] Initializing cgroup subsys cpuacct
[    0.000000] Linux version 4.4.0-148-generic (buildd@lgw01-amd64-031) (gcc version 5.4.0 20160609 (Ubuntu 5.4.0-6ubuntu1~16.04.10) ) #174-Ubuntu SMP Tue May 7 12:20:14 UTC 2019 (Ubuntu 4.4.0-148.174-generic 4.4.177)
[    0.000000] Command line: BOOT_IMAGE=/boot/vmlinuz-4.4.0-148-generic root=UUID=5130dc0b-89a7-4ad3-9b3a-e8ed259f6a3f ro console=tty1 console=ttyS0
[    0.000000] KERNEL supported cpus:
[    0.000000]   Intel GenuineIntel
[    0.000000]   AMD AuthenticAMD
[    0.000000]   Centaur CentaurHauls
[    0.000000] x86/fpu: xstate_offset[2]:  576, xstate_sizes[2]:  256
[    0.000000] x86/fpu: Supporting XSAVE feature 0x01: 'x87 floating point registers'
[    0.000000] x86/fpu: Supporting XSAVE feature 0x02: 'SSE registers'
[    0.000000] x86/fpu: Supporting XSAVE feature 0x04: 'AVX registers'
[    0.000000] x86/fpu: Enabled xstate features 0x7, context size is 832 bytes, using 'standard' format.
[    0.000000] e820: BIOS-provided physical RAM map:
[    0.000000] BIOS-e820: [mem 0x0000000000000000-0x000000000009fbff] usable
[    0.000000] BIOS-e820: [mem 0x000000000009fc00-0x000000000009ffff] reserved
[    0.000000] BIOS-e820: [mem 0x00000000000f0000-0x00000000000fffff] reserved
[    0.000000] BIOS-e820: [mem 0x0000000000100000-0x000000007ffeffff] usable
[    0.000000] BIOS-e820: [mem 0x000000007fff0000-0x000000007fffffff] ACPI data
[    0.000000] BIOS-e820: [mem 0x00000000fec00000-0x00000000fec00fff] reserved
[    0.000000] BIOS-e820: [mem 0x00000000fee00000-0x00000000fee00fff] reserved
[    0.000000] BIOS-e820: [mem 0x00000000fffc0000-0x00000000ffffffff] reserved
[    0.000000] NX (Execute Disable) protection: active
[    0.000000] SMBIOS 2.5 present.
[    0.000000] Hypervisor detected: KVM
[    0.000000] e820: last_pfn = 0x7fff0 max_arch_pfn = 0x400000000
[    0.000000] MTRR: Disabled
[    0.000000] x86/PAT: MTRRs disabled, skipping PAT initialization too.
[    0.000000] CPU MTRRs all blank - virtualized system.
[    0.000000] x86/PAT: Configuration [0-7]: WB  WT  UC- UC  WB  WT  UC- UC  
[    0.000000] found SMP MP-table at [mem 0x0009fff0-0x0009ffff] mapped at [ffff88000009fff0]
[    0.000000] Scanning 1 areas for low memory corruption
[    0.000000] RAMDISK: [mem 0x361ec000-0x370edfff]
[    0.000000] ACPI: Early table checksum verification disabled
[    0.000000] ACPI: RSDP 0x00000000000E0000 000024 (v02 VBOX  )
[    0.000000] ACPI: XSDT 0x000000007FFF0030 00003C (v01 VBOX   VBOXXSDT 00000001 ASL  00000061)
[    0.000000] ACPI: FACP 0x000000007FFF00F0 0000F4 (v04 VBOX   VBOXFACP 00000001 ASL  00000061)
[    0.000000] ACPI: DSDT 0x000000007FFF0470 0022EA (v02 VBOX   VBOXBIOS 00000002 INTL 20180105)
[    0.000000] ACPI: FACS 0x000000007FFF0200 000040
[    0.000000] ACPI: FACS 0x000000007FFF0200 000040
[    0.000000] ACPI: APIC 0x000000007FFF0240 00005C (v02 VBOX   VBOXAPIC 00000001 ASL  00000061)
[    0.000000] ACPI: SSDT 0x000000007FFF02A0 0001CC (v01 VBOX   VBOXCPUT 00000002 INTL 20180105)
[    0.000000] No NUMA configuration found
[    0.000000] Faking a node at [mem 0x0000000000000000-0x000000007ffeffff]
[    0.000000] NODE_DATA(0) allocated [mem 0x7ffeb000-0x7ffeffff]
[    0.000000] kvm-clock: Using msrs 4b564d01 and 4b564d00
[    0.000000] kvm-clock: cpu 0, msr 0:7ffe3001, primary cpu clock
[    0.000000] kvm-clock: using sched offset of 3581105974 cycles
[    0.000000] clocksource: kvm-clock: mask: 0xffffffffffffffff max_cycles: 0x1cd42e4dffb, max_idle_ns: 881590591483 ns
[    0.000000] Zone ranges:
[    0.000000]   DMA      [mem 0x0000000000001000-0x0000000000ffffff]
[    0.000000]   DMA32    [mem 0x0000000001000000-0x000000007ffeffff]
[    0.000000]   Normal   empty
[    0.000000]   Device   empty
[    0.000000] Movable zone start for each node
[    0.000000] Early memory node ranges
[    0.000000]   node   0: [mem 0x0000000000001000-0x000000000009efff]
[    0.000000]   node   0: [mem 0x0000000000100000-0x000000007ffeffff]
[    0.000000] Initmem setup node 0 [mem 0x0000000000001000-0x000000007ffeffff]
[    0.000000] ACPI: PM-Timer IO Port: 0x4008
[    0.000000] IOAPIC[0]: apic_id 2, version 32, address 0xfec00000, GSI 0-23
[    0.000000] ACPI: INT_SRC_OVR (bus 0 bus_irq 0 global_irq 2 dfl dfl)
[    0.000000] ACPI: INT_SRC_OVR (bus 0 bus_irq 9 global_irq 9 low level)
[    0.000000] Using ACPI (MADT) for SMP configuration information
[    0.000000] smpboot: Allowing 2 CPUs, 0 hotplug CPUs
[    0.000000] PM: Registered nosave memory: [mem 0x00000000-0x00000fff]
[    0.000000] PM: Registered nosave memory: [mem 0x0009f000-0x0009ffff]
[    0.000000] PM: Registered nosave memory: [mem 0x000a0000-0x000effff]
[    0.000000] PM: Registered nosave memory: [mem 0x000f0000-0x000fffff]
[    0.000000] e820: [mem 0x80000000-0xfebfffff] available for PCI devices
[    0.000000] Booting paravirtualized kernel on KVM
[    0.000000] clocksource: refined-jiffies: mask: 0xffffffff max_cycles: 0xffffffff, max_idle_ns: 7645519600211568 ns
[    0.000000] setup_percpu: NR_CPUS:512 nr_cpumask_bits:512 nr_cpu_ids:2 nr_node_ids:1
[    0.000000] PERCPU: Embedded 34 pages/cpu @ffff88007fc00000 s99480 r8192 d31592 u1048576
[    0.000000] Built 1 zonelists in Node order, mobility grouping on.  Total pages: 515960
[    0.000000] Policy zone: DMA32
[    0.000000] Kernel command line: BOOT_IMAGE=/boot/vmlinuz-4.4.0-148-generic root=UUID=5130dc0b-89a7-4ad3-9b3a-e8ed259f6a3f ro console=tty1 console=ttyS0
[    0.000000] PID hash table entries: 4096 (order: 3, 32768 bytes)
[    0.000000] Memory: 2029384K/2096696K available (8609K kernel code, 1334K rwdata, 4028K rodata, 1484K init, 1284K bss, 67312K reserved, 0K cma-reserved)
[    0.000000] SLUB: HWalign=64, Order=0-3, MinObjects=0, CPUs=2, Nodes=1
[    0.000000] Kernel/User page tables isolation: enabled
[    0.000000] Hierarchical RCU implementation.
[    0.000000] 	Build-time adjustment of leaf fanout to 64.
[    0.000000] 	RCU restricting CPUs from NR_CPUS=512 to nr_cpu_ids=2.
[    0.000000] RCU: Adjusting geometry for rcu_fanout_leaf=64, nr_cpu_ids=2
[    0.000000] NR_IRQS:33024 nr_irqs:440 16
[    0.000000] Console: colour VGA+ 80x25
[    0.000000] console [tty1] enabled
[    0.000000] console [ttyS0] enabled
[    0.000000] tsc: Detected 2207.998 MHz processor
[    0.113020] Calibrating delay loop (skipped) preset value.. 4415.99 BogoMIPS (lpj=8831992)
[    0.114577] pid_max: default: 32768 minimum: 301
[    0.115314] ACPI: Core revision 20150930
[    0.116700] ACPI: 2 ACPI AML tables successfully acquired and loaded
[    0.117631] Security Framework initialized
[    0.118289] Yama: becoming mindful.
[    0.119071] AppArmor: AppArmor initialized
[    0.120405] Dentry cache hash table entries: 262144 (order: 9, 2097152 bytes)
[    0.121751] Inode-cache hash table entries: 131072 (order: 8, 1048576 bytes)
[    0.123196] Mount-cache hash table entries: 4096 (order: 3, 32768 bytes)
[    0.124154] Mountpoint-cache hash table entries: 4096 (order: 3, 32768 bytes)
[    0.125308] Initializing cgroup subsys io
[    0.125881] Initializing cgroup subsys memory
[    0.126483] Initializing cgroup subsys devices
[    0.127235] Initializing cgroup subsys freezer
[    0.127928] Initializing cgroup subsys net_cls
[    0.128533] Initializing cgroup subsys perf_event
[    0.129219] Initializing cgroup subsys net_prio
[    0.129836] Initializing cgroup subsys hugetlb
[    0.130482] Initializing cgroup subsys pids
[    0.132138] mce: CPU supports 0 MCE banks
[    0.133013] Last level iTLB entries: 4KB 64, 2MB 8, 4MB 8
[    0.133837] Last level dTLB entries: 4KB 64, 2MB 0, 4MB 0, 1GB 4
[    0.134741] Spectre V2 : Mitigation: Full generic retpoline
[    0.135495] Spectre V2 : Spectre v2 / SpectreRSB mitigation: Filling RSB on context switch
[    0.136701] Speculative Store Bypass: Vulnerable
[    0.137581] MDS: Vulnerable: Clear CPU buffers attempted, no microcode
[    0.140934] Freeing SMP alternatives memory: 36K
[    0.146385] ftrace: allocating 32293 entries in 127 pages
[    0.195074] smpboot: APIC(0) Converting physical 0 to logical package 0
[    0.195952] smpboot: Max logical packages: 1
[    0.196797] x2apic enabled
[    0.197467] Switched APIC routing to physical x2apic.
[    0.198990] ..TIMER: vector=0x30 apic1=0 pin1=2 apic2=-1 pin2=-1
[    0.304827] smpboot: CPU0: Intel(R) Core(TM) i7-8750H CPU @ 2.20GHz (family: 0x6, model: 0x9e, stepping: 0xa)
[    0.306380] Performance Events: unsupported p6 CPU model 158 no PMU driver, software events only.
[    0.315923] KVM setup paravirtual spinlock
[    0.317603] x86: Booting SMP configuration:
[    0.318213] .... node  #0, CPUs:      #1
[    0.318930] kvm-clock: cpu 1, msr 0:7ffe3041, secondary cpu clock
[    0.320765] mce: CPU supports 0 MCE banks
[    0.323229] x86: Booted up 1 node, 2 CPUs
[    0.324111] smpboot: Total of 2 processors activated (8831.99 BogoMIPS)
[    0.325459] devtmpfs: initialized
[    0.328135] evm: security.selinux
[    0.328942] evm: security.SMACK64
[    0.329640] evm: security.SMACK64EXEC
[    0.330256] evm: security.SMACK64TRANSMUTE
[    0.330920] evm: security.SMACK64MMAP
[    0.331532] evm: security.ima
[    0.332129] evm: security.capability
[    0.332943] clocksource: jiffies: mask: 0xffffffff max_cycles: 0xffffffff, max_idle_ns: 7645041785100000 ns
[    0.334493] futex hash table entries: 512 (order: 3, 32768 bytes)
[    0.335423] pinctrl core: initialized pinctrl subsystem
[    0.336315] RTC time:  8:34:25, date: 05/20/19
[    0.337200] NET: Registered protocol family 16
[    0.349020] cpuidle: using governor ladder
[    0.361107] cpuidle: using governor menu
[    0.361752] PCCT header not found.
[    0.362429] ACPI: bus type PCI registered
[    0.363046] acpiphp: ACPI Hot Plug PCI Controller Driver version: 0.5
[    0.364133] PCI: Using configuration type 1 for base access
[    0.377074] ACPI: Added _OSI(Module Device)
[    0.377832] ACPI: Added _OSI(Processor Device)
[    0.378731] ACPI: Added _OSI(3.0 _SCP Extensions)
[    0.379394] ACPI: Added _OSI(Processor Aggregator Device)
[    0.380827] ACPI: Executed 1 blocks of module-level executable AML code
[    0.383246] ACPI: Interpreter enabled
[    0.383981] ACPI: (supports S0 S5)
[    0.384571] ACPI: Using IOAPIC for interrupt routing
[    0.385377] PCI: Using host bridge windows from ACPI; if necessary, use "pci=nocrs" and report a bug
[    0.389214] ACPI: PCI Root Bridge [PCI0] (domain 0000 [bus 00-ff])
[    0.390125] acpi PNP0A03:00: _OSC: OS supports [ASPM ClockPM Segments MSI]
[    0.391200] acpi PNP0A03:00: _OSC: not requesting OS control; OS requires [ExtendedConfig ASPM ClockPM MSI]
[    0.392693] acpi PNP0A03:00: fail to add MMCONFIG information, can't access extended PCI configuration space under this bridge.
[    0.394621] PCI host bridge to bus 0000:00
[    0.395304] pci_bus 0000:00: root bus resource [io  0x0000-0x0cf7 window]
[    0.396275] pci_bus 0000:00: root bus resource [io  0x0d00-0xffff window]
[    0.398157] pci_bus 0000:00: root bus resource [mem 0x000a0000-0x000bffff window]
[    0.400754] pci_bus 0000:00: root bus resource [mem 0x80000000-0xfdffffff window]
[    0.401958] pci_bus 0000:00: root bus resource [bus 00-ff]
[    0.404229] pci 0000:00:01.1: legacy IDE quirk: reg 0x10: [io  0x01f0-0x01f7]
[    0.405447] pci 0000:00:01.1: legacy IDE quirk: reg 0x14: [io  0x03f6]
[    0.406544] pci 0000:00:01.1: legacy IDE quirk: reg 0x18: [io  0x0170-0x0177]
[    0.407549] pci 0000:00:01.1: legacy IDE quirk: reg 0x1c: [io  0x0376]
[    0.428902] pci 0000:00:07.0: quirk: [io  0x4000-0x403f] claimed by PIIX4 ACPI
[    0.438716] pci 0000:00:07.0: quirk: [io  0x4100-0x410f] claimed by PIIX4 SMB
[    0.446716] ACPI: PCI Interrupt Link [LNKA] (IRQs 5 9 10 *11)
[    0.448027] ACPI: PCI Interrupt Link [LNKB] (IRQs 5 9 *10 11)
[    0.449256] ACPI: PCI Interrupt Link [LNKC] (IRQs 5 *9 10 11)
[    0.450507] ACPI: PCI Interrupt Link [LNKD] (IRQs 5 9 10 *11)
[    0.451740] ACPI: Enabled 2 GPEs in block 00 to 07
[    0.452849] vgaarb: setting as boot device: PCI:0000:00:02.0
[    0.453808] vgaarb: device added: PCI:0000:00:02.0,decodes=io+mem,owns=io+mem,locks=none
[    0.455274] vgaarb: loaded
[    0.455861] vgaarb: bridge control possible 0000:00:02.0
[    0.457091] SCSI subsystem initialized
[    0.457888] ACPI: bus type USB registered
[    0.458550] usbcore: registered new interface driver usbfs
[    0.459383] usbcore: registered new interface driver hub
[    0.460180] usbcore: registered new device driver usb
[    0.461106] PCI: Using ACPI for IRQ routing
[    0.461920] NetLabel: Initializing
[    0.462440] NetLabel:  domain hash size = 128
[    0.463194] NetLabel:  protocols = UNLABELED CIPSOv4
[    0.464135] NetLabel:  unlabeled traffic allowed by default
[    0.465245] amd_nb: Cannot enumerate AMD northbridges
[    0.466096] clocksource: Switched to clocksource kvm-clock
[    0.472550] AppArmor: AppArmor Filesystem Enabled
[    0.473377] pnp: PnP ACPI init
[    0.474392] pnp: PnP ACPI: found 3 devices
[    0.482862] clocksource: acpi_pm: mask: 0xffffff max_cycles: 0xffffff, max_idle_ns: 2085701024 ns
[    0.484147] NET: Registered protocol family 2
[    0.485014] TCP established hash table entries: 16384 (order: 5, 131072 bytes)
[    0.486180] TCP bind hash table entries: 16384 (order: 6, 262144 bytes)
[    0.487133] TCP: Hash tables configured (established 16384 bind 16384)
[    0.488039] UDP hash table entries: 1024 (order: 3, 32768 bytes)
[    0.488853] UDP-Lite hash table entries: 1024 (order: 3, 32768 bytes)
[    0.489782] NET: Registered protocol family 1
[    0.490511] pci 0000:00:00.0: Limiting direct PCI/PCI transfers
[    0.491338] pci 0000:00:01.0: Activating ISA DMA hang workarounds
[    0.492256] Unpacking initramfs...
[    0.681839] Freeing initrd memory: 15368K
[    0.682726] clocksource: tsc: mask: 0xffffffffffffffff max_cycles: 0x1fd3b6211b4, max_idle_ns: 440795230313 ns
[    0.684238] platform rtc_cmos: registered platform RTC device (no PNP device found)
[    0.685410] Scanning for low memory corruption every 60 seconds
[    0.686485] audit: initializing netlink subsys (disabled)
[    0.687260] audit: type=2000 audit(1558341271.223:1): initialized
[    0.688235] Initialise system trusted keyring
[    0.689153] HugeTLB registered 2 MB page size, pre-allocated 0 pages
[    0.691045] zbud: loaded
[    0.691826] VFS: Disk quotas dquot_6.6.0
[    0.692440] VFS: Dquot-cache hash table entries: 512 (order 0, 4096 bytes)
[    0.693529] squashfs: version 4.0 (2009/01/31) Phillip Lougher
[    0.694598] fuse init (API version 7.23)
[    0.695261] Key type big_key registered
[    0.695839] Allocating IMA MOK and blacklist keyrings.
[    0.698714] Key type asymmetric registered
[    0.699304] Asymmetric key parser 'x509' registered
[    0.699990] Block layer SCSI generic (bsg) driver version 0.4 loaded (major 249)
[    0.701117] io scheduler noop registered
[    0.701678] io scheduler deadline registered (default)
[    0.702381] io scheduler cfq registered
[    0.703034] pci_hotplug: PCI Hot Plug PCI Core version: 0.5
[    0.703906] pciehp: PCI Express Hot Plug Controller Driver version: 0.4
[    0.704874] ACPI: AC Adapter [AC] (on-line)
[    0.705498] input: Power Button as /devices/LNXSYSTM:00/LNXPWRBN:00/input/input0
[    0.706577] ACPI: Power Button [PWRF]
[    0.707246] input: Sleep Button as /devices/LNXSYSTM:00/LNXSLPBN:00/input/input1
[    0.708393] ACPI: Sleep Button [SLPF]
[    0.709582] ACPI: Battery Slot [BAT0] (battery present)
[    0.710359] GHES: HEST is not enabled!
[    0.710992] Serial: 8250/16550 driver, 32 ports, IRQ sharing enabled
 	
 !"#$%&'()*+,-./0123456789:;<=>?@ABCDEFGHIJKLMNOPQRSTUVWXYZ[\]^_`abcdefghijklmnopqrstuvwxyz{|}~ÄÅÇÉÑÖÜáàâäãåçéèêëíìîïñóòôöõúùûü†°¢£§•¶ß®©™´¨≠ÆØ∞±≤≥¥µ∂∑∏π∫ªºΩæø¿¡¬√ƒ≈∆«»… ÀÃÕŒœ–—“”‘’÷◊ÿŸ⁄€‹›ﬁﬂ‡·‚„‰ÂÊÁËÈÍÎÏÌÓÔÒÚÛÙıˆ˜¯˘˙˚¸˝˛ˇ[    0.733164] 00:02: ttyS0 at I/O 0x3f8 (irq = 4, base_baud = 115200) is a 16550A
[    0.735145] Linux agpgart interface v0.103
[    0.737022] loop: module loaded
[    0.738003] scsi host0: ata_piix
[    0.738653] scsi host1: ata_piix
[    0.739173] ata1: PATA max UDMA/33 cmd 0x1f0 ctl 0x3f6 bmdma 0xd000 irq 14
[    0.740017] ata2: PATA max UDMA/33 cmd 0x170 ctl 0x376 bmdma 0xd008 irq 15
[    0.741144] libphy: Fixed MDIO Bus: probed
[    0.741746] tun: Universal TUN/TAP device driver, 1.6
[    0.742518] tun: (C) 1999-2004 Max Krasnyansky <maxk@qualcomm.com>
[    0.743324] PPP generic driver version 2.4.2
[    0.744007] ehci_hcd: USB 2.0 'Enhanced' Host Controller (EHCI) Driver
[    0.745002] ehci-pci: EHCI PCI platform driver
[    0.745683] ehci-platform: EHCI generic platform driver
[    0.746467] ohci_hcd: USB 1.1 'Open' Host Controller (OHCI) Driver
[    0.747266] ohci-pci: OHCI PCI platform driver
[    0.747932] ohci-platform: OHCI generic platform driver
[    0.748653] uhci_hcd: USB Universal Host Controller Interface driver
[    0.749592] i8042: PNP: PS/2 Controller [PNP0303:PS2K,PNP0f03:PS2M] at 0x60,0x64 irq 1,12
[    0.751155] serio: i8042 KBD port at 0x60,0x64 irq 1
[    0.751866] serio: i8042 AUX port at 0x60,0x64 irq 12
[    0.752650] mousedev: PS/2 mouse device common for all mice
[    0.753634] rtc_cmos rtc_cmos: rtc core: registered rtc_cmos as rtc0
[    0.754646] rtc_cmos rtc_cmos: alarms up to one day, 114 bytes nvram
[    0.755534] i2c /dev entries driver
[    0.756223] device-mapper: uevent: version 1.0.3
[    0.756984] device-mapper: ioctl: 4.34.0-ioctl (2015-10-28) initialised: dm-devel@redhat.com
[    0.758235] input: AT Translated Set 2 keyboard as /devices/platform/i8042/serio0/input/input2
[    0.759462] ledtrig-cpu: registered to indicate activity on CPUs
[    0.760700] NET: Registered protocol family 10
[    0.761648] NET: Registered protocol family 17
[    0.762352] Key type dns_resolver registered
[    0.763226] registered taskstats version 1
[    0.763818] Loading compiled-in X.509 certificates
[    0.764969] Loaded X.509 cert 'Build time autogenerated kernel key: 5103689f9da3e841c6100f8bb032b132cf76e38d'
[    0.766470] zswap: loaded using pool lzo/zbud
[    0.768345] Key type trusted registered
[    0.771541] Key type encrypted registered
[    0.772131] AppArmor: AppArmor sha1 policy hashing enabled
[    0.772903] ima: No TPM chip found, activating TPM-bypass!
[    0.773624] ima: Allocated hash algorithm: sha1
[    0.774253] evm: HMAC attrs: 0x1
[    0.775072]   Magic number: 3:373:574
[    0.775722] rtc_cmos rtc_cmos: setting system clock to 2019-05-20 08:34:26 UTC (1558341266)
[    0.777186] BIOS EDD facility v0.16 2004-Jun-25, 0 devices found
[    0.777948] EDD information not available.
[    0.895075] Freeing unused kernel memory: 1484K
[    0.895812] Write protecting the kernel read-only data: 14336k
[    0.897049] Freeing unused kernel memory: 1620K
[    0.897927] Freeing unused kernel memory: 68K
Loading, please wait...
starting version 229
[    0.909124] random: systemd-udevd: uninitialized urandom read (16 bytes read, 3 bits of entropy available)
[    0.909563] random: udevadm: uninitialized urandom read (16 bytes read, 3 bits of entropy available)
[    0.909577] random: udevadm: uninitialized urandom read (16 bytes read, 3 bits of entropy available)
[    0.913303] random: systemd-udevd: uninitialized urandom read (16 bytes read, 3 bits of entropy available)
[    0.914788] random: systemd-udevd: uninitialized urandom read (16 bytes read, 3 bits of entropy available)
[    0.915448] random: udevadm: uninitialized urandom read (16 bytes read, 3 bits of entropy available)
[    0.915482] random: udevadm: uninitialized urandom read (16 bytes read, 3 bits of entropy available)
[    0.915584] random: udevadm: uninitialized urandom read (16 bytes read, 3 bits of entropy available)
[    0.915620] random: udevadm: uninitialized urandom read (16 bytes read, 3 bits of entropy available)
[    0.915657] random: udevadm: uninitialized urandom read (16 bytes read, 3 bits of entropy available)
[    0.948194] e1000: Intel(R) PRO/1000 Network Driver - version 7.3.21-k8-NAPI
[    0.949892] e1000: Copyright (c) 1999-2006 Intel Corporation.
[    0.954306] Fusion MPT base driver 3.04.20
[    0.954944] Copyright (c) 1999-2008 LSI Corporation
[    0.958288] Fusion MPT SPI Host driver 3.04.20
[    0.969968] AVX2 version of gcm_enc/dec engaged.
[    0.970772] AES CTR mode by8 optimization enabled
[    1.186428] input: ImExPS/2 Generic Explorer Mouse as /devices/platform/i8042/serio1/input/input4
[    1.455555] e1000 0000:00:03.0 eth0: (PCI:33MHz:32-bit) 02:1a:9f:89:13:60
[    1.459642] e1000 0000:00:03.0 eth0: Intel(R) PRO/1000 Network Connection
[    1.463267] mptbase: ioc0: Initiating bringup
[    1.463569] e1000 0000:00:03.0 enp0s3: renamed from eth0
[    1.526417] ioc0: LSI53C1030 A0: Capabilities={Initiator}
[    1.691562] scsi host2: ioc0: LSI53C1030 A0, FwRev=00000000h, Ports=1, MaxQ=256, IRQ=20
[    1.806401] scsi 2:0:0:0: Direct-Access     VBOX     HARDDISK         1.0  PQ: 0 ANSI: 5
[    1.807954] scsi target2:0:0: Beginning Domain Validation
[    1.809759] scsi target2:0:0: Domain Validation skipping write tests
[    1.810739] scsi target2:0:0: Ending Domain Validation
[    1.811603] scsi target2:0:0: asynchronous
[    1.812641] scsi 2:0:1:0: Direct-Access     VBOX     HARDDISK         1.0  PQ: 0 ANSI: 5
[    1.813958] scsi target2:0:1: Beginning Domain Validation
[    1.815667] scsi target2:0:1: Domain Validation skipping write tests
[    1.816605] scsi target2:0:1: Ending Domain Validation
[    1.817499] scsi target2:0:1: asynchronous
[    1.826680] sd 2:0:0:0: Attached scsi generic sg0 type 0
[    1.827003] sd 2:0:0:0: [sda] 20971520 512-byte logical blocks: (10.7 GB/10.0 GiB)
[    1.827214] sd 2:0:0:0: [sda] Write Protect is off
[    1.827325] sd 2:0:0:0: [sda] Incomplete mode parameter data
[    1.827326] sd 2:0:0:0: [sda] Assuming drive cache: write through
[    1.839563]  sda: sda1
[    1.840120] sd 2:0:0:0: [sda] Attached SCSI disk
[    1.842267] sd 2:0:1:0: [sdb] 20480 512-byte logical blocks: (10.5 MB/10.0 MiB)
[    1.843392] sd 2:0:1:0: Attached scsi generic sg1 type 0
[    1.844301] sd 2:0:1:0: [sdb] Write Protect is off
[    1.845201] sd 2:0:1:0: [sdb] Incomplete mode parameter data
[    1.845972] sd 2:0:1:0: [sdb] Assuming drive cache: write through
[    1.849859] sd 2:0:1:0: [sdb] Attached SCSI disk
Begin: Loading essential drivers ... [    3.155761] md: linear personality registered for level -1
[    3.158370] md: multipath personality registered for level -4
[    3.160977] md: raid0 personality registered for level 0
[    3.164139] md: raid1 personality registered for level 1
[    3.234156] raid6: sse2x1   gen() 12328 MB/s
[    3.302162] raid6: sse2x1   xor()  8769 MB/s
[    3.370123] raid6: sse2x2   gen() 15297 MB/s
[    3.438142] raid6: sse2x2   xor() 10889 MB/s
[    3.508791] raid6: sse2x4   gen() 18122 MB/s
[    3.574152] raid6: sse2x4   xor() 12127 MB/s
[    3.642127] raid6: avx2x1   gen() 25704 MB/s
[    3.710121] raid6: avx2x2   gen() 30327 MB/s
[    3.778165] raid6: avx2x4   gen() 31692 MB/s
[    3.778823] raid6: using algorithm avx2x4 gen() 31692 MB/s
[    3.779525] raid6: using avx2x2 recovery algorithm
[    3.781323] xor: automatically using best checksumming function:
[    3.838236]    avx       : 71472.000 MB/sec
[    3.840014] async_tx: api initialized (async)
[    3.848493] md: raid6 personality registered for level 6
[    3.849434] md: raid5 personality registered for level 5
[    3.850504] md: raid4 personality registered for level 4
[    3.857223] md: raid10 personality registered for level 10
done.
Begin: Running /scripts/init-premount ... done.
Begin: Mounting root file system ... Begin: Running /scripts/local-top ... done.
Begin: Running /scripts/local-premount ... [    3.884177] Btrfs loaded
Scanning for Btrfs filesystems
done.
Warning: fsck not present, so skipping root file system
[    3.918523] EXT4-fs (sda1): mounted filesystem with ordered data mode. Opts: (null)
done.
Begin: Running /scripts/local-bottom ... done.
Begin: Running /scripts/init-bottom ... done.
[    4.074282] systemd[1]: systemd 229 running in system mode. (+PAM +AUDIT +SELINUX +IMA +APPARMOR +SMACK +SYSVINIT +UTMP +LIBCRYPTSETUP +GCRYPT +GNUTLS +ACL +XZ -LZ4 +SECCOMP +BLKID +ELFUTILS +KMOD -IDN)
[    4.077778] systemd[1]: Detected virtualization oracle.
[    4.078826] systemd[1]: Detected architecture x86-64.

Welcome to [1mUbuntu 16.04.6 LTS[0m!

[    4.085754] systemd[1]: Set hostname to <ubuntu-xenial>.
[    4.300151] systemd[1]: Listening on Journal Audit Socket.
[[0;32m  OK  [0m] Listening on Journal Audit Socket.
[    4.303048] systemd[1]: Listening on Journal Socket (/dev/log).
[[0;32m  OK  [0m] Listening on Journal Socket (/dev/log).
[    4.306158] systemd[1]: Reached target System Time Synchronized.
[[0;32m  OK  [0m] Reached target System Time Synchronized.
[    4.309234] systemd[1]: Started Forward Password Requests to Wall Directory Watch.
[[0;32m  OK  [0m] Started Forward Password Requests to Wall Directory Watch.
[    4.313365] systemd[1]: Listening on /dev/initctl Compatibility Named Pipe.
[[0;32m  OK  [0m] Listening on /dev/initctl Compatibility Named Pipe.
[    4.317252] systemd[1]: Listening on Syslog Socket.
[[0;32m  OK  [0m] Listening on Syslog Socket.
[    4.320175] systemd[1]: Started Trigger resolvconf update for networkd DNS.
[[0;32m  OK  [0m] Started Trigger resolvconf update for networkd DNS.
[    4.323732] systemd[1]: Set up automount Arbitrary Executable File Formats File System Automount Point.
[[0;32m  OK  [0m] Set up automount Arbitrary Executab...ats File System Automount Point.
[    4.328514] systemd[1]: Listening on Device-mapper event daemon FIFOs.
[[0;32m  OK  [0m] Listening on Device-mapper event daemon FIFOs.
[    4.333073] systemd[1]: Created slice System Slice.
[[0;32m  OK  [0m] Created slice System Slice.
[    4.335799] systemd[1]: Reached target User and Group Name Lookups.
[[0;32m  OK  [0m] Reached target User and Group Name Lookups.
[    4.338648] systemd[1]: Reached target Encrypted Volumes.
[[0;32m  OK  [0m] Reached target Encrypted Volumes.
[    4.341333] systemd[1]: Created slice system-serial\x2dgetty.slice.
[[0;32m  OK  [0m] Created slice system-serial\x2dgetty.slice.
[    4.343609] systemd[1]: Listening on Journal Socket.
[[0;32m  OK  [0m] Listening on Journal Socket.
[    4.361484] systemd[1]: Starting Uncomplicated firewall...
         Starting Uncomplicated firewall...
[    4.363883] systemd[1]: Mounting Huge Pages File System...
         Mounting Huge Pages File System...
[    4.366072] systemd[1]: Starting Journal Service...
         Starting Journal Service...
[    4.370478] systemd[1]: Starting Load Kernel Modules...
         Starting Load Kernel Modules...
[    4.373190] systemd[1]: Starting Set console keymap...
         Starting Set console keymap...
[    4.375295] systemd[1]: Starting Create list of required static device nodes for the current kernel...
         Starting Create list of required st... nodes for the current kernel...
[    4.378333] systemd[1]: Starting Nameserver information manager...
         Starting Nameserver information manager...
[    4.380511] systemd[1]: Mounting Debug File System...
         Mounting Debug File System...
[    4.383807] systemd[1]: Listening on LVM2 metadata daemon socket.
[[0;32m  OK  [0m] Listening on LVM2 metadata daemon socket.
[    4.385969] systemd[1]: Starting Monitoring of LVM2 mirrors, snapshots etc. using dmeventd or progress polling...
         Starting Monitoring of LVM2 mirrors... dmeventd or progress polling...
[    4.388477] systemd[1]: Created slice User and Session Slice.
[[0;32m  OK  [0m] Created slice User and Session Slice.
[    4.390075] systemd[1]: Reached target Slices.
[[0;32m  OK  [0m] Reached target Slices.
[    4.391516] systemd[1]: Listening on LVM2 poll daemon socket.
[    4.391730] Loading iSCSI transport class v2.0-870.
[[0;32m  OK  [0m] Listening on LVM2 poll daemon socket.
[    4.394703] systemd[1]: Listening on udev Control Socket.
[[0;32m  OK  [0m] Listening on udev Control Socket.
[    4.397843] systemd[1]: Mounting POSIX Message Queue File System...
         Mounting POSIX Message Queue File System...
[    4.399822] systemd[1]: Starting Remount Root and Kernel File Systems...
         Starting Remount Root and Kernel File Systems...
[    4.401317] systemd[1]: Listening on udev Kernel Socket.
[[0;32m  OK  [0m] Listening on udev Kernel Socket.
[    4.402695] systemd[1]: Reached target Swap.
[[0;32m  OK  [0m] Reached target Swap.
[    4.405026] systemd[1]: Mounted Huge Pages File System.
[[0;32m  OK  [0m] Mounted Huge Pages File System.
[    4.406439] systemd[1]: Mounted Debug File System.
[[0;32m  OK  [0m] Mounted Debug File System.
[    4.408002] systemd[1]: Mounted POSIX Message Queue File System.
[[0;32m  OK  [0m] Mounted POSIX Message Queue File System.
[    4.409859] systemd[1]: Started Uncomplicated firewall.
[    4.410694] EXT4-fs (sda1): re-mounted. Opts: (null)
[[0;32m  OK  [0m] Started Uncomplicated firewall.
[    4.412310] systemd[1]: Started Create list of required static device nodes for the current kernel.
[[0;32m  OK  [0m] Started Create list of required sta...ce nodes for the current kernel.
[    4.415534] systemd[1]: Started Remount Root and Kernel File Systems.
[[0;32m  OK  [0m] Started Remount Root and Kernel File Systems.
[    4.423483] systemd[1]: Started Nameserver information manager.
[[0;32m  OK  [0m] Started Nameserver information manager.
[    4.427329] systemd[1]: Started Journal Service.
[[0;32m  OK  [0m] Started Journal Service.
[    4.429909] iscsi: registered transport (tcp)
[[0;32m  OK  [0m] Started LVM2 metadata daemon.
         Starting Flush Journal to Persistent Storage...
         Starting udev Coldplug all Devices...
         Starting Load/Save Random Seed...
[    4.472033] iscsi: registered transport (iser)
         Starting Create Static Device Nodes in /dev...
[[0;32m  OK  [0m] Started Load Kernel Modules.
[[0;32m  OK  [0m] Started Set console keymap.
[[0;32m  OK  [0m] Started Load/Save Random Seed.
[    4.492082] systemd-journald[375]: Received request to flush runtime journal from PID 1
         Starting Apply Kernel Variables...
         Mounting FUSE Control File System...
[[0;32m  OK  [0m] Started Flush Journal to Persistent Storage.
[[0;32m  OK  [0m] Started Create Static Device Nodes in /dev.
[[0;32m  OK  [0m] Started udev Coldplug all Devices.
[[0;32m  OK  [0m] Mounted FUSE Control File System.
[[0;32m  OK  [0m] Started Apply Kernel Variables.
         Starting udev Kernel Device Manager...
[[0;32m  OK  [0m] Started udev Kernel Device Manager.
[[0;32m  OK  [0m] Started Dispatch Password Requests to Console Directory Watch.
[[0;32m  OK  [0m] Found device /dev/ttyS0.
[[0;32m  OK  [0m] Listening on Load/Save RF Kill Switch Status /dev/rfkill Watch.
[[0;32m  OK  [0m] Started Monitoring of LVM2 mirrors,...ng dmeventd or progress polling.
[[0;32m  OK  [0m] Reached target Local File Systems (Pre).
[[0;32m  OK  [0m] Reached target Local File Systems.
         Starting Create Volatile Files and Directories...
         Starting Tell Plymouth To Write Out Runtime Data...
         Starting Set console font and keymap...
         Starting Initial cloud-init job (pre-networking)...
         Starting LSB: AppArmor initialization...
[[0;32m  OK  [0m] Started Create Volatile Files and Directories.
[[0;32m  OK  [0m] Started Tell Plymouth To Write Out Runtime Data.
[[0;32m  OK  [0m] Found device 82540EM Gigabit Ethern...r (PRO/1000 MT Desktop Adapter).
         Starting Update UTMP about System Boot/Shutdown...
[[0;32m  OK  [0m] Started Update UTMP about System Boot/Shutdown.
[[0;32m  OK  [0m] Started LSB: AppArmor initialization.
[[0;32m  OK  [0m] Started Set console font and keymap.
[[0;32m  OK  [0m] Created slice system-getty.slice.
[    5.668771] cloud-init[612]: Cloud-init v. 18.5-45-g3554ffe8-0ubuntu1~16.04.1 running 'init-local' at Mon, 20 May 2019 08:34:31 +0000. Up 5.44 seconds.
[[0;32m  OK  [0m] Started Initial cloud-init job (pre-networking).
[[0;32m  OK  [0m] Reached target Network (Pre).
         Starting Raise network interfaces...
[[0;32m  OK  [0m] Started ifup for enp0s3.
[[0;32m  OK  [0m] Started Raise network interfaces.
         Starting Initial cloud-init job (metadata service crawler)...
[[0;32m  OK  [0m] Reached target Network.
[    6.227118] cloud-init[967]: Cloud-init v. 18.5-45-g3554ffe8-0ubuntu1~16.04.1 running 'init' at Mon, 20 May 2019 08:34:31 +0000. Up 6.02 seconds.
[    6.228630] cloud-init[967]: ci-info: ++++++++++++++++++++++++++++++++++++++Net device info++++++++++++++++++++++++++++++++++++++
[    6.229903] cloud-init[967]: ci-info: +--------+------+----------------------------+---------------+--------+-------------------+
[    6.231360] cloud-init[967]: ci-info: | Device |  Up  |          Address           |      Mask     | Scope  |     Hw-Address    |
[    6.232848] cloud-init[967]: ci-info: +--------+------+----------------------------+---------------+--------+-------------------+
[    6.234502] cloud-init[967]: ci-info: | enp0s3 | True |         10.0.2.15          | 255.255.255.0 | global | 02:1a:9f:89:13:60 |
[    6.235762] cloud-init[967]: ci-info: | enp0s3 | True | fe80::1a:9fff:fe89:1360/64 |       .       |  link  | 02:1a:9f:89:13:60 |
[    6.237739] cloud-init[967]: ci-info: |   lo   | True |         127.0.0.1          |   255.0.0.0   |  host  |         .         |
[    6.239384] cloud-init[967]: ci-info: |   lo   | True |          ::1/128           |       .       |  host  |         .         |
[    6.240897] cloud-init[967]: ci-info: +--------+------+----------------------------+---------------+--------+-------------------+
[    6.242424] cloud-init[967]: ci-info: +++++++++++++++++++++++++++Route IPv4 info++++++++++++++++++++++++++++
[    6.243697] cloud-init[967]: ci-info: +-------+-------------+----------+---------------+-----------+-------+
[    6.244987] cloud-init[967]: ci-info: | Route | Destination | Gateway  |    Genmask    | Interface | Flags |
[    6.246187] cloud-init[967]: ci-info: +-------+-------------+----------+---------------+-----------+-------+
[    6.247455] cloud-init[967]: ci-info: |   0   |   0.0.0.0   | 10.0.2.2 |    0.0.0.0    |   enp0s3  |   UG  |
[    6.248720] cloud-init[967]: ci-info: |   1   |   10.0.2.0  | 0.0.0.0  | 255.255.255.0 |   enp0s3  |   U   |
[    6.249926] cloud-init[967]: ci-info: +-------+-------------+----------+---------------+-----------+-------+
[    6.256358] cloud-init[967]: ci-info: +++++++++++++++++++Route IPv6 info+++++++++++++++++++
[    6.257479] cloud-init[967]: ci-info: +-------+-------------+---------+-----------+-------+
[    6.258613] cloud-init[967]: ci-info: | Route | Destination | Gateway | Interface | Flags |
[    6.259873] cloud-init[967]: ci-info: +-------+-------------+---------+-----------+-------+
[    6.261134] cloud-init[967]: ci-info: |   0   |  fe80::/64  |    ::   |   enp0s3  |   U   |
[    6.262346] cloud-init[967]: ci-info: |   3   |   ff00::/8  |    ::   |   enp0s3  |   U   |
[    6.263440] cloud-init[967]: ci-info: +-------+-------------+---------+-----------+-------+
[[0;32m  OK  [0m] Started Initial cloud-init job (metadata service crawler).
[[0;32m  OK  [0m] Reached target Cloud-config availability.
[[0;32m  OK  [0m] Reached target Network is Online.
         Starting iSCSI initiator daemon (iscsid)...
[[0;32m  OK  [0m] Reached target System Initialization.
         Starting Socket activation for snappy daemon.
[[0;32m  OK  [0m] Listening on D-Bus System Message Bus Socket.
[[0;32m  OK  [0m] Listening on ACPID Listen Socket.
[[0;32m  OK  [0m] Listening on UUID daemon activation socket.
         Starting LXD - unix socket.
[[0;32m  OK  [0m] Started Daily Cleanup of Temporary Directories.
[[0;32m  OK  [0m] Started ACPI Events Check.
[[0;32m  OK  [0m] Reached target Paths.
[[0;32m  OK  [0m] Started Daily apt download activities.
[[0;32m  OK  [0m] Started Daily apt upgrade and clean activities.
[[0;32m  OK  [0m] Reached target Timers.
[[0;32m  OK  [0m] Listening on Socket activation for snappy daemon.
[[0;32m  OK  [0m] Listening on LXD - unix socket.
[[0;32m  OK  [0m] Reached target Sockets.
[[0;32m  OK  [0m] Reached target Basic System.
[[0;32m  OK  [0m] Started Unattended Upgrades Shutdown.
[[0;32m  OK  [0m] Started Deferred execution scheduler.
         Starting Login Service...
         Starting LXD - container startup/shutdown...
         Starting Virtualbox guest utils...
[[0;32m  OK  [0m] Started ACPI event daemon.
[[0;32m  OK  [0m] Started D-Bus System Message Bus.
         Starting LSB: MD monitoring daemon...
         Starting OpenBSD Secure Shell server...
         Starting Accounts Service...
[[0;32m  OK  [0m] Started Regular background program processing daemon.
         Starting Snappy daemon...
         Starting /etc/rc.local Compatibility...
         Starting System Logging Service...
[[0;32m  OK  [0m] Started FUSE filesystem for LXC.
[[0;32m  OK  [0m] Started iSCSI initiator daemon (iscsid).
[[0;32m  OK  [0m] Started /etc/rc.local Compatibility.
         Starting Login to default iSCSI targets...
[[0;32m  OK  [0m] Started Login Service.
[[0;32m  OK  [0m] Started LSB: MD monitoring daemon.
[[0;32m  OK  [0m] Started System Logging Service.
[[0;32m  OK  [0m] Started Login to default iSCSI targets.
[[0;32m  OK  [0m] Reached target Remote File Systems (Pre).
[[0;32m  OK  [0m] Reached target Remote File Systems.
         Starting LSB: daemon to balance interrupts for SMP systems...
         Starting LSB: automatic crash report generation...
         Starting Permit User Sessions...
         Starting LSB: Start NTP daemon...
[[0;32m  OK  [0m] Started Permit User Sessions.
         Starting Hold until boot process finishes up...
         Starting Terminate Plymouth Boot Screen...
[[0;32m  OK  [0m] Started Hold until boot process finishes up.
[[0;32m  OK  [0m] Started OpenBSD Secure Shell server.
[[0;32m  OK  [0m] Started Terminate Plymouth Boot Screen.
[[0;32m  OK  [0m] Started Getty on tty1.
         Starting Set console scheme...
[[0;32m  OK  [0m] Started Serial Getty on ttyS0.
[[0;32m  OK  [0m] Reached target Login Prompts.
[[0;32m  OK  [0m] Started LSB: daemon to balance interrupts for SMP systems.
[[0;32m  OK  [0m] Started Set console scheme.
[[0;32m  OK  [0m] Started LSB: automatic crash report generation.
         Starting SYSV: JBoss AS Domain...
[[0;32m  OK  [0m] Started Virtualbox guest utils.
         Starting Authenticate and Authorize Users to Run Privileged Tasks...
[[0;32m  OK  [0m] Started LSB: Start NTP daemon.
[[0;32m  OK  [0m] Started LXD - container startup/shutdown.
[[0;32m  OK  [0m] Started Authenticate and Authorize Users to Run Privileged Tasks.
[[0;32m  OK  [0m] Started Accounts Service.
[[0;32m  OK  [0m] Created slice User Slice of jboss-as.
         Starting User Manager for UID 1002...
[[0;32m  OK  [0m] Started Session c1 of user jboss-as.
[[0;32m  OK  [0m] Started Snappy daemon.
         Starting Wait until snapd is fully seeded...
[[0;32m  OK  [0m] Started User Manager for UID 1002.
[[0;32m  OK  [0m] Started Wait until snapd is fully seeded.
         Starting Apply the settings specified in cloud-config...
[    7.065953] cloud-init[1229]: Cloud-init v. 18.5-45-g3554ffe8-0ubuntu1~16.04.1 running 'modules:config' at Mon, 20 May 2019 08:34:32 +0000. Up 6.97 seconds.
[[0;32m  OK  [0m] Started Apply the settings specified in cloud-config.

Ubuntu 16.04.6 LTS ubuntu-xenial ttyS0

ubuntu-xenial login: [   14.082543] cloud-init[1637]: Cloud-init v. 18.5-45-g3554ffe8-0ubuntu1~16.04.1 running 'modules:final' at Mon, 20 May 2019 08:34:39 +0000. Up 14.00 seconds.
[   14.082816] cloud-init[1637]: Cloud-init v. 18.5-45-g3554ffe8-0ubuntu1~16.04.1 finished at Mon, 20 May 2019 08:34:40 +0000. Datasource DataSourceNoCloud [seed=/dev/sdb][dsmode=net].  Up 14.07 seconds
